---
source: tests/tests.rs
expression: graph_str
---
nodes:
- type: api
  path: foo
  generic_args: []
- type: ty
  path: Item
- type: api
  path: bar
  generic_args: []
- type: ty
  path: std::vec::Vec::<i32, std::alloc::Global>
- type: api
  path: vec_arg
  generic_args: []
edges:
- from: 0
  to: 1
  kind:
    type: Ret
- from: 1
  to: 2
  kind:
    type: Arg
    no: 0
- from: 3
  to: 4
  kind:
    type: Arg
    no: 0
